551973673
550237821
330059660
111398080
979818128
272000966
634670257
896022639
532433675
671470142
268538844
437789741
613729437
567576407
624771534
113774658
853652727
981368047
536288604
357105723
858383636
889356744
992040210
113497348
713851177
183361089
828710135
908750535
679655451
730939423
971907610
952096659
386633116
336665576
459564917
833242542
467020337
896022639
62766240
65064151
118020221
54010632
613759018
