21180051
382469508
799936897
127778529
375027354
1850725
868951735
858311518
138323027
538852914
607400681
691889571
815512307
355643255
789162892
593306336
545254289
742682239
855965183
525249692
455148430
366016699
461467623
64382589
257144525
778233927
497709990
928948423
705433171
765160177
668355244
14236707
127778529
742682239
192285834
846160535
702492823
910895302
418470405
338299942
985444645
702492823
824271796
985444645
920626160
267974149
571396603
866297552
