0
243992608
304990760
365988912
243992608
609981520
426987064
243992608
243992608
548983368
121996304
182994456
304990760
182994456
243992608
609981520
365988912
60998152
182994456
243992608
60998152
365988912
304990760
243992608
609981520
609981520
426987064
487985216
609981520
487985216
60998152
426987064
121996304
609981520
609981520
182994456
365988912
548983368
426987064
487985216
609981520
304990760
487985216
121996304
121996304
243992608
304990760
365988912
182994456
60998152
182994456
548983368
548983368
182994456
609981520
121996304
60998152
182994456
487985216
487985216
609981520
243992608
609981520
304990760
121996304
426987064
487985216
426987064
365988912
487985216
60998152
548983368
426987064
487985216
609981520
365988912
426987064
60998152
182994456
365988912
182994456
609981520
60998152
60998152
487985216
60998152
304990760
60998152
60998152
426987064
609981520
304990760
121996304
487985216
121996304
182994456
487985216
487985216
243992608
