290127018
222098258
869306955
51234202
894153968
998684251
869306955
869306955
222098258
998684251
290127018
741268266
72419074
741268266
998684251
290127018
612456720
894153968
290127018
222098258
222098258
51234202
998684251
894153968
741268266
998684251
741268266
998684251
741268266
222098258
72419074
72419074
998684251
869306955
72419074
72419074
998684251
998684251
612456720
72419074
51234202
998684251
464349267
998684251
464349267
464349267
72419074
741268266
894153968
741268266
612456720
894153968
612456720
741268266
998684251
51234202
290127018
741268266
998684251
290127018
869306955
612456720
51234202
612456720
741268266
741268266
51234202
222098258
72419074
612456720
612456720
741268266
869306955
612456720
72419074
894153968
290127018
869306955
222098258
222098258
998684251
612456720
222098258
741268266
72419074
741268266
869306955
869306955
222098258
222098258
290127018
612456720
51234202
51234202
464349267
869306955
222098258
998684251
869306955
