305392411
755895010
816243579
19089190
856519516
436102820
53362087
668148983
2957355
53380646
268221947
645737826
807505167
127517206
225272358
550397124
865730465
311122031
215810698
861150319
781028764
80205947
265375586
727391814
848352843
892413018
154758802
520266265
286834486
672941893
584824169
39853675
974205965
152955822
885780442
611059727
522062764
242960235
300272684
829894225
678573576
682422205
920348375
197971774
191897408
988246097
927650472
127517206
570800722
340817675
154758802
