551047625
341117606
720629263
671291085
366311714
972885664
995790652
62116106
495160617
672068366
881933270
460317880
713310080
246928344
383344578
505647060
848040134
895418071
756683824
979210059
33570029
737031944
439365801
265030459
965521282
923021331
263581324
205412866
282173836
683367
341117606
11018431
742439736
46011292
497047282
862314684
950676785
892765469
89234922
457454353
80965880
416834764
159768672
299580804
205412866
246928344
656727825
937604620
120078566
351373038
