573298726
750005001
854390631
587798126
715075525
357891085
517147913
256856325
435985613
864792964
830953682
504801403
640705274
509803694
830953682
264458113
381802054
773729759
796943133
888950802
67665641
212008668
602576701
41802550
57228346
900738493
431180887
134323236
368229043
507226451
345162116
465869861
260574895
557869774
1097368
902664710
958540675
934710514
690979882
97785997
717976671
766515446
516871410
507226451
159223522
457607356
