620444840
43482508
670421014
146242755
349051287
474906520
951279254
704690876
52581533
908556075
920587049
338503884
657552438
921136295
955886190
554296191
32651159
574133727
573525323
908181835
574783954
650489630
282613869
99272123
227651173
99272123
157382662
546431639
146249018
927589896
582303231
991986824
704690876
326755144
75030807
36563406
943752732
402387432
166718709
943752732
691362103
49242797
99117430
84567673
387173280
575592609
453370655
671966959
951002670
345745587
447069680
