275215361
150213388
946858274
150213388
691389003
136692164
752938129
136692164
136692164
54179093
438252045
691389003
534599463
752938129
752938129
438252045
438252045
946858274
534599463
54179093
150213388
438252045
534599463
136692164
946858274
211530849
54179093
150213388
691389003
514367415
150213388
54179093
752938129
534599463
136692164
54179093
211530849
438252045
514367415
534599463
946858274
691389003
691389003
946858274
691389003
438252045
946858274
514367415
752938129
211530849
946858274
54179093
438252045
150213388
211530849
150213388
534599463
150213388
211530849
534599463
438252045
752938129
514367415
54179093
438252045
946858274
946858274
438252045
150213388
514367415
136692164
514367415
54179093
438252045
752938129
136692164
136692164
54179093
691389003
514367415
514367415
691389003
946858274
534599463
211530849
534599463
54179093
150213388
534599463
54179093
150213388
534599463
534599463
946858274
752938129
752938129
752938129
136692164
150213388
