0
776576733
10909091
40360874
824522534
142312010
853065322
313976875
577777782
631874303
521100431
662283590
652421657
229344731
168803420
838793928
605757580
605757580
521100431
983269098
321214751
703703709
737549755
352525255
732121480
163927242
893737380
69261385
891737898
450395698
563301286
722934478
606324629
840366815
751969169
506410260
96984806
124850325
584056140
586615277
396653821
560040101
247471617
419396964
838793928
142312010
614672369
740740746
379922912
