0
810635325
534363244
388081060
381313134
533053338
797664147
566795409
185606062
164720119
63552189
542152956
371212124
271043773
626458861
166316669
392992427
686770049
850986725
185472991
60310133
807893758
552324233
746364763
534363244
196220014
583333338
