951754395
517793921
660374617
660374617
310112673
732098658
847353202
88590926
11749538
78262539
747188845
198010028
244731736
622313866
65625730
805872533
517793921
597093578
325755815
328955422
619978257
257618926
65625730
62523801
297293053
325737673
907867414
170257286
31151719
85285491
183448149
454426028
691584319
641311046
239448443
608511394
987855314
812261797
691584319
54505705
20219383
855534045
774539460
987586315
425411854
849138782
151547578
725618639
909802480
942702833
842117978
15698405
