511362254
581455903
676608958
212613953
281746820
438906946
62023453
430562787
856157634
873330698
238109291
943953178
342458902
248252029
30478588
408433501
444630078
287562774
533339452
485093837
913568307
553936415
486538269
75662132
100849316
755757964
579767719
920481222
535411281
131653330
238109291
147057666
168436008
999588799
22672106
750852887
534562615
360686245
469174872
438259888
78389810
526824060
816127033
701427821
575628216
212613953
296622347
101778863
109294696
953293385
362702297
296622347
898567973
