651322716
507950526
777176432
961054959
930981359
418692842
753558080
895709036
507950526
327688575
52911513
931440971
745391832
859553589
398477356
462377208
561759084
889200051
411535163
859553589
535998862
187778869
81729288
506204466
181149356
190577373
561759084
513830949
582459712
418692842
299678897
155963457
90476998
75736100
179829457
718038956
803601291
888322744
339379177
695256403
513563383
101647151
181149356
258635147
918226118
980743987
628127771
166442197
491857331
753864743
595520781
396809020
102663517
