280456388
244540549
104987119
408661517
961354442
