992229147
220381021
524922964
856001123
220381021
364854174
47414349
247986594
210191804
210191804
220381021
856001123
47414349
364854174
220381021
856001123
220381021
47414349
664200538
364854174
210191804
664200538
992229147
364854174
975571413
524922964
524922964
210191804
975571413
664200538
364854174
364854174
664200538
664200538
856001123
364854174
992229147
975571413
210191804
524922964
210191804
47414349
247986594
856001123
47414349
975571413
524922964
992229147
856001123
975571413
210191804
664200538
47414349
247986594
364854174
247986594
856001123
992229147
992229147
247986594
220381021
364854174
210191804
247986594
856001123
975571413
220381021
220381021
47414349
364854174
992229147
992229147
664200538
220381021
992229147
220381021
47414349
856001123
210191804
247986594
856001123
992229147
975571413
247986594
975571413
664200538
975571413
210191804
247986594
664200538
364854174
210191804
47414349
47414349
992229147
664200538
47414349
975571413
220381021
