353391066
306310108
306310108
405688441
933943872
306310108
405688441
705502499
485376774
95678172
155002878
155002878
462425775
24503718
155002878
610739863
24503718
933943872
155002878
485376774
405688441
95678172
405688441
462425775
485376774
306310108
155002878
462425775
24503718
705502499
24503718
155002878
485376774
933943872
306310108
306310108
95678172
155002878
705502499
610739863
155002878
24503718
306310108
24503718
610739863
95678172
405688441
933943872
462425775
610739863
24503718
462425775
933943872
933943872
705502499
306310108
462425775
306310108
155002878
155002878
933943872
24503718
462425775
933943872
24503718
462425775
705502499
610739863
405688441
24503718
306310108
610739863
462425775
933943872
705502499
24503718
610739863
610739863
610739863
24503718
155002878
306310108
95678172
705502499
306310108
24503718
24503718
155002878
155002878
705502499
610739863
405688441
24503718
24503718
933943872
155002878
705502499
485376774
705502499
