898353287
83333334
730880236
983116890
27777778
541125545
577922082
500000004
730880236
655411260
928847303
250000002
92352093
