400538935
218575307
100040095
424772431
933446201
424772431
988029083
424772431
988029083
100040095
395623336
218575307
218575307
153824012
153824012
400538935
933446201
860925949
933446201
622720753
988029083
424772431
933446201
218575307
153824012
988029083
424772431
395623336
988029083
622720753
395623336
400538935
622720753
395623336
622720753
988029083
395623336
218575307
153824012
100040095
860925949
424772431
933446201
424772431
153824012
395623336
100040095
933446201
218575307
933446201
100040095
860925949
622720753
400538935
218575307
400538935
395623336
622720753
395623336
424772431
100040095
218575307
622720753
424772431
933446201
395623336
153824012
860925949
400538935
218575307
622720753
395623336
395623336
153824012
395623336
395623336
218575307
860925949
153824012
153824012
100040095
988029083
424772431
218575307
153824012
395623336
400538935
860925949
400538935
400538935
988029083
933446201
860925949
395623336
622720753
400538935
988029083
622720753
622720753
