987769796
889409761
737441203
305299224
393932211
26079480
617407112
581950478
62076516
4035292
244914841
740291461
627697895
204503953
520330847
10330799
670167053
159829450
145834114
309112659
284610372
566152618
15901794
890343042
537611109
14657955
533462675
716242272
285364733
139717665
50231688
858322016
581126574
961391125
533782712
450388768
571987615
770291242
