378758521
438088463
916037805
416190356
285514172
974292706
608241707
156036284
732141081
632884411
82793299
149827428
36786681
450750429
61894085
482797911
647246687
805815071
347743320
59753794
770836605
891111233
626579347
820639198
694362860
471195468
107244409
725132075
560358534
342942560
174594400
873630616
759645254
144106038
694362860
961279534
553335354
471195468
982558260
182711890
740207619
942526974
821229655
805815071
611917938
91322098
997890931
187502681
380082293
564179838
107244409
628148031
279819114
370697371
