575723126
158693272
163283177
163283177
163283177
636555840
455965842
636555840
959584557
963758616
124340488
709913649
163283177
963758616
946605057
158693272
963758616
709913649
636555840
158693272
455965842
163283177
959584557
158693272
963758616
163283177
124340488
963758616
709913649
703582817
455965842
158693272
703582817
703582817
703582817
946605057
959584557
946605057
124340488
963758616
703582817
158693272
636555840
946605057
963758616
636555840
158693272
455965842
703582817
963758616
946605057
158693272
709913649
963758616
703582817
455965842
124340488
946605057
158693272
636555840
703582817
946605057
636555840
959584557
124340488
946605057
455965842
124340488
963758616
709913649
703582817
163283177
959584557
455965842
963758616
946605057
636555840
959584557
963758616
158693272
455965842
455965842
455965842
636555840
946605057
636555840
455965842
158693272
963758616
455965842
959584557
455965842
959584557
963758616
946605057
703582817
709913649
455965842
163283177
