888522756
693607855
466419187
998985113
398767546
791577275
445863857
866796474
653561182
353019931
74859306
811323955
879479615
345384188
107200287
514751035
143733510
416544635
821404055
16260291
346061937
454589175
400317944
169265784
323031970
243332235
627008516
118229039
127838897
930737240
580539293
83153986
234159813
838891787
930737240
313486052
83153986
181834063
930483058
116025631
240063191
257983728
448523547
653561182
32133648
181834063
464961090
