857475067
383461998
163045986
739571499
788289778
982621729
771010761
617734128
599936712
951707017
893983267
784214821
836276935
959841251
513994302
189755095
373330774
776745058
12667560
505082916
505082916
985898995
117442323
692750188
39185495
567870214
819986743
467525688
707843578
725871096
742483865
647304309
959841251
593716586
741108382
842828970
61044239
788289778
82894260
36728448
888482527
285769048
891429416
849247959
949445676
144774714
511687078
400531124
132530354
373330774
222746488
355247085
617066420
193308221
357959356
