882950776
373591237
524808501
116847454
7942273
631522287
749909619
526495301
741891375
626348466
375278449
919601496
731010408
61527561
301096401
107694154
527050143
647868624
526817486
725459658
965684100
832895790
207171273
778656451
655057402
846447692
832895790
686956457
986158385
631573070
801418472
559964540
895401555
541289516
440663844
624483338
126467169
778656451
258265226
526817486
914771655
486888234
801418472
348419412
741891375
586401350
395751568
731010408
31367811
504729697
395751568
644088734
346356685
677047359
965684100
757585201
588200927
