670003365
323411618
395058945
576382247
285017273
242794111
941658055
379079532
638932383
11096931
514292809
288094136
596361455
3946461
860053628
664226975
677580491
541631237
982998973
745816677
154963517
666639371
591663234
1914185
563375492
399831772
183681394
514292809
569073470
925862248
3400096
335550685
53538572
972433403
806397942
590987791
505138907
493918450
320192081
6523750
687257890
144780729
505138907
955505837
570666500
598851917
108093472
191488597
538580506
701819343
