810246685
206831121
206831121
715370024
301707782
508538903
810246685
810246685
905123346
17077799
603415564
810246685
413662242
17077799
715370024
17077799
905123346
17077799
206831121
301707782
206831121
905123346
17077799
905123346
508538903
603415564
301707782
905123346
301707782
715370024
301707782
603415564
111954460
17077799
905123346
17077799
111954460
905123346
301707782
206831121
413662242
810246685
810246685
413662242
905123346
301707782
715370024
905123346
603415564
810246685
301707782
413662242
111954460
206831121
17077799
301707782
715370024
17077799
715370024
301707782
111954460
17077799
905123346
301707782
603415564
810246685
17077799
111954460
301707782
111954460
603415564
301707782
810246685
301707782
413662242
17077799
508538903
905123346
17077799
413662242
17077799
603415564
810246685
17077799
603415564
301707782
603415564
905123346
715370024
715370024
508538903
206831121
508538903
810246685
508538903
413662242
810246685
810246685
603415564
